Archive member included because of file (symbol)

/opt/R2P/tools/gcc-arm-none-eabi-4_9-2014q4/bin/../lib/gcc/arm-none-eabi/4.9.3/armv7e-m/libgcc.a(_arm_addsubdf3.o)
                              build/obj/chprintf.o (__aeabi_dsub)
/opt/R2P/tools/gcc-arm-none-eabi-4_9-2014q4/bin/../lib/gcc/arm-none-eabi/4.9.3/armv7e-m/libgcc.a(_arm_muldivdf3.o)
                              build/obj/chprintf.o (__aeabi_dmul)
/opt/R2P/tools/gcc-arm-none-eabi-4_9-2014q4/bin/../lib/gcc/arm-none-eabi/4.9.3/armv7e-m/libgcc.a(_arm_fixdfsi.o)
                              build/obj/chprintf.o (__aeabi_d2iz)
/opt/R2P/tools/gcc-arm-none-eabi-4_9-2014q4/bin/../lib/gcc/arm-none-eabi/4.9.3/armv7e-m/libgcc.a(_arm_truncdfsf2.o)
                              build/obj/chprintf.o (__aeabi_d2f)
/opt/R2P/tools/gcc-arm-none-eabi-4_9-2014q4/bin/../lib/gcc/arm-none-eabi/4.9.3/armv7e-m/libgcc.a(_arm_cmpsf2.o)
                              build/obj/chprintf.o (__aeabi_fcmplt)
/opt/R2P/tools/gcc-arm-none-eabi-4_9-2014q4/bin/../lib/gcc/arm-none-eabi/4.9.3/../../../../arm-none-eabi/lib/armv7e-m/libg.a(lib_a-aeabi_atexit.o)
                              build/obj/main.o (__aeabi_atexit)
/opt/R2P/tools/gcc-arm-none-eabi-4_9-2014q4/bin/../lib/gcc/arm-none-eabi/4.9.3/../../../../arm-none-eabi/lib/armv7e-m/libg.a(lib_a-cxa_atexit.o)
                              /opt/R2P/tools/gcc-arm-none-eabi-4_9-2014q4/bin/../lib/gcc/arm-none-eabi/4.9.3/../../../../arm-none-eabi/lib/armv7e-m/libg.a(lib_a-aeabi_atexit.o) (__cxa_atexit)
/opt/R2P/tools/gcc-arm-none-eabi-4_9-2014q4/bin/../lib/gcc/arm-none-eabi/4.9.3/../../../../arm-none-eabi/lib/armv7e-m/libg.a(lib_a-memcpy.o)
                              build/obj/memstreams.o (memcpy)
/opt/R2P/tools/gcc-arm-none-eabi-4_9-2014q4/bin/../lib/gcc/arm-none-eabi/4.9.3/../../../../arm-none-eabi/lib/armv7e-m/libg.a(lib_a-memset.o)
                              build/obj/usb.o (memset)
/opt/R2P/tools/gcc-arm-none-eabi-4_9-2014q4/bin/../lib/gcc/arm-none-eabi/4.9.3/../../../../arm-none-eabi/lib/armv7e-m/libg.a(lib_a-sprintf.o)
                              build/obj/main.o (sprintf)
/opt/R2P/tools/gcc-arm-none-eabi-4_9-2014q4/bin/../lib/gcc/arm-none-eabi/4.9.3/../../../../arm-none-eabi/lib/armv7e-m/libg.a(lib_a-strcasecmp.o)
                              build/obj/shell.o (strcasecmp)
/opt/R2P/tools/gcc-arm-none-eabi-4_9-2014q4/bin/../lib/gcc/arm-none-eabi/4.9.3/../../../../arm-none-eabi/lib/armv7e-m/libg.a(lib_a-strncmp.o)
                              build/obj/BaseSubscriber.o (strncmp)
/opt/R2P/tools/gcc-arm-none-eabi-4_9-2014q4/bin/../lib/gcc/arm-none-eabi/4.9.3/../../../../arm-none-eabi/lib/armv7e-m/libg.a(lib_a-strncpy.o)
                              build/obj/Middleware.o (strncpy)
/opt/R2P/tools/gcc-arm-none-eabi-4_9-2014q4/bin/../lib/gcc/arm-none-eabi/4.9.3/../../../../arm-none-eabi/lib/armv7e-m/libg.a(lib_a-strnlen.o)
                              build/obj/DebugTransport.o (strnlen)
/opt/R2P/tools/gcc-arm-none-eabi-4_9-2014q4/bin/../lib/gcc/arm-none-eabi/4.9.3/../../../../arm-none-eabi/lib/armv7e-m/libg.a(lib_a-strpbrk.o)
                              build/obj/shell.o (strpbrk)
/opt/R2P/tools/gcc-arm-none-eabi-4_9-2014q4/bin/../lib/gcc/arm-none-eabi/4.9.3/../../../../arm-none-eabi/lib/armv7e-m/libg.a(lib_a-strspn.o)
                              build/obj/shell.o (strspn)
/opt/R2P/tools/gcc-arm-none-eabi-4_9-2014q4/bin/../lib/gcc/arm-none-eabi/4.9.3/../../../../arm-none-eabi/lib/armv7e-m/libg.a(lib_a-svfprintf.o)
                              /opt/R2P/tools/gcc-arm-none-eabi-4_9-2014q4/bin/../lib/gcc/arm-none-eabi/4.9.3/../../../../arm-none-eabi/lib/armv7e-m/libg.a(lib_a-sprintf.o) (_svfprintf_r)
/opt/R2P/tools/gcc-arm-none-eabi-4_9-2014q4/bin/../lib/gcc/arm-none-eabi/4.9.3/../../../../arm-none-eabi/lib/armv7e-m/libg.a(lib_a-__atexit.o)
                              /opt/R2P/tools/gcc-arm-none-eabi-4_9-2014q4/bin/../lib/gcc/arm-none-eabi/4.9.3/../../../../arm-none-eabi/lib/armv7e-m/libg.a(lib_a-cxa_atexit.o) (__register_exitproc)
/opt/R2P/tools/gcc-arm-none-eabi-4_9-2014q4/bin/../lib/gcc/arm-none-eabi/4.9.3/../../../../arm-none-eabi/lib/armv7e-m/libg.a(lib_a-ctype_.o)
                              /opt/R2P/tools/gcc-arm-none-eabi-4_9-2014q4/bin/../lib/gcc/arm-none-eabi/4.9.3/../../../../arm-none-eabi/lib/armv7e-m/libg.a(lib_a-strcasecmp.o) (__ctype_ptr__)
/opt/R2P/tools/gcc-arm-none-eabi-4_9-2014q4/bin/../lib/gcc/arm-none-eabi/4.9.3/../../../../arm-none-eabi/lib/armv7e-m/libg.a(lib_a-dtoa.o)
                              /opt/R2P/tools/gcc-arm-none-eabi-4_9-2014q4/bin/../lib/gcc/arm-none-eabi/4.9.3/../../../../arm-none-eabi/lib/armv7e-m/libg.a(lib_a-svfprintf.o) (_dtoa_r)
/opt/R2P/tools/gcc-arm-none-eabi-4_9-2014q4/bin/../lib/gcc/arm-none-eabi/4.9.3/../../../../arm-none-eabi/lib/armv7e-m/libg.a(lib_a-impure.o)
                              /opt/R2P/tools/gcc-arm-none-eabi-4_9-2014q4/bin/../lib/gcc/arm-none-eabi/4.9.3/../../../../arm-none-eabi/lib/armv7e-m/libg.a(lib_a-__atexit.o) (_global_impure_ptr)
[...]
Memory Configuration

Name             Origin             Length             Attributes
flash            0x08000000         0x00040000
ram              0x20000000         0x0000a000
ccmram           0x10000000         0x00002000
*default*        0x00000000         0xffffffff

Linker script and memory map

LOAD build/obj/crt0.o
LOAD build/obj/vectors.o
LOAD build/obj/chcore.o
LOAD build/obj/chcore_v7m.o
LOAD build/obj/nvic.o
LOAD build/obj/chsys.o
LOAD build/obj/chdebug.o
LOAD build/obj/chlists.o
LOAD build/obj/chvt.o
LOAD build/obj/chschd.o
LOAD build/obj/chthreads.o
LOAD build/obj/chdynamic.o
LOAD build/obj/chregistry.o
LOAD build/obj/chsem.o
LOAD build/obj/chmtx.o
LOAD build/obj/chcond.o
LOAD build/obj/chevents.o
LOAD build/obj/chmsg.o
LOAD build/obj/chmboxes.o
LOAD build/obj/chqueues.o
LOAD build/obj/chmemcore.o
LOAD build/obj/chheap.o
LOAD build/obj/chmempools.o
LOAD build/obj/hal.o
LOAD build/obj/adc.o
LOAD build/obj/can.o
LOAD build/obj/ext.o
LOAD build/obj/gpt.o
LOAD build/obj/i2c.o
LOAD build/obj/icu.o
LOAD build/obj/mac.o
LOAD build/obj/mmc_spi.o
LOAD build/obj/mmcsd.o
LOAD build/obj/pal.o
LOAD build/obj/pwm.o
LOAD build/obj/rtc.o
LOAD build/obj/sdc.o
LOAD build/obj/serial.o
LOAD build/obj/serial_usb.o
LOAD build/obj/spi.o
LOAD build/obj/tm.o
LOAD build/obj/uart.o
LOAD build/obj/usb.o
LOAD build/obj/stm32_dma.o
LOAD build/obj/hal_lld.o
LOAD build/obj/adc_lld.o
LOAD build/obj/ext_lld_isr.o
LOAD build/obj/can_lld.o
LOAD build/obj/ext_lld.o
LOAD build/obj/pal_lld.o
LOAD build/obj/i2c_lld.o
LOAD build/obj/rtc_lld.o
LOAD build/obj/spi_lld.o
LOAD build/obj/gpt_lld.o
LOAD build/obj/icu_lld.o
LOAD build/obj/pwm_lld.o
LOAD build/obj/serial_lld.o
LOAD build/obj/uart_lld.o
LOAD build/obj/usb_lld.o
LOAD build/obj/board.o
LOAD build/obj/evtimer.o
LOAD build/obj/syscalls.o
LOAD build/obj/chprintf.o
LOAD build/obj/memstreams.o
LOAD build/obj/shell.o
LOAD build/obj/rtcan.o
LOAD build/obj/msgqueue.o
LOAD build/obj/hrt.o
LOAD build/obj/srt.o
LOAD build/obj/rtcan_lld_can.o
LOAD build/obj/rtcan_lld_tim.o
LOAD build/obj/stubs.o
LOAD build/obj/usbcfg.o
LOAD build/obj/ArrayQueue_.o
LOAD build/obj/SimplePool_.o
LOAD build/obj/StaticList_.o
LOAD build/obj/StaticQueue_.o
LOAD build/obj/BasePublisher.o
LOAD build/obj/BaseSubscriber.o
LOAD build/obj/BaseSubscriberQueue.o
LOAD build/obj/BootMsg.o
LOAD build/obj/Checksummer.o
LOAD build/obj/LocalPublisher.o
LOAD build/obj/LocalSubscriber.o
LOAD build/obj/MessagePtrQueue.o
LOAD build/obj/Message.o
LOAD build/obj/Middleware.o
LOAD build/obj/Node.o
LOAD build/obj/RemotePublisher.o
LOAD build/obj/RemoteSubscriber.o
LOAD build/obj/Time.o
LOAD build/obj/TimestampedMsgPtrQueue.o
LOAD build/obj/Topic.o
LOAD build/obj/Transport.o
LOAD build/obj/Utils.o
LOAD build/obj/Bootloader.o
LOAD build/obj/DebugTransport.o
LOAD build/obj/DebugPublisher.o
LOAD build/obj/DebugSubscriber.o
LOAD build/obj/RTCANTransport.o
LOAD build/obj/RTCANPublisher.o
LOAD build/obj/RTCANSubscriber.o
LOAD build/obj/Middleware_.o
LOAD build/obj/Time_.o
LOAD build/obj/Bootloader_.o
LOAD build/obj/Flasher_.o
LOAD build/obj/led.o
LOAD build/obj/chnew.o
LOAD build/obj/main.o
                0x00000400                __main_stack_size__ = 0x400
                0x00000400                __process_stack_size__ = 0x400
                0x00000000                . = 0x0

startup         0x08000000      0x188
 *(vectors)
 vectors        0x08000000      0x188 build/obj/vectors.o
                0x08000000                _vectors

.text           0x080001a0    0x1d030
                0x080001a0                _text = .
                0x080001a0                __text_start__ = .
 *(.text.startup.*)
 *(.text)
 .text          0x080001a0       0xd4 build/obj/crt0.o
                0x080001a4                __late_init
                0x080001a8                _default_exit
                0x080001ac                ResetHandler
 *fill*         0x08000274        0xc 
 .text          0x08000280        0x4 build/obj/vectors.o
                0x08000280                Vector58
                0x08000280                VectorE8
                0x08000280                Vector9C
                0x08000280                VectorAC
                0x08000280                Vector5C
                0x08000280                NMIVector
                0x08000280                Vector11C
                0x08000280                Vector110
                0x08000280                VectorA8
                0x08000280                Vector160
                0x08000280                VectorEC
                0x08000280                UsageFaultVector
                0x08000280                DebugMonitorVector
                0x08000280                Vector40
                0x08000280                VectorF8
                0x08000280                Vector108
                0x08000280                VectorBC
                0x08000280                Vector150
                0x08000280                Vector148
                0x08000280                PendSVVector
                0x08000280                Vector118
                0x08000280                Vector64
                0x08000280                VectorCC
                0x08000280                Vector54
                0x08000280                VectorD8
                0x08000280                Vector138
                0x08000280                Vector24
                0x08000280                Vector178
                0x08000280                BusFaultVector
                0x08000280                VectorD0
                0x08000280                Vector140
                0x08000280                VectorE4
                0x08000280                VectorC0
                0x08000280                Vector158
                0x08000280                HardFaultVector
                0x08000280                Vector134
                0x08000280                VectorF0
                0x08000280                Vector13C
                0x08000280                Vector100
                0x08000280                VectorE0
                0x08000280                VectorF4
                0x08000280                MemManageVector
                0x08000280                VectorA0
                0x08000280                Vector180
                0x08000280                VectorB0
                0x08000280                Vector114
                0x08000280                Vector164
                0x08000280                Vector60
                0x08000280                Vector1C
                0x08000280                Vector17C
                0x08000280                Vector48
                0x08000280                VectorD4
                0x08000280                Vector4C
                0x08000280                Vector144
                0x08000280                Vector15C
                0x08000280                Vector68
                0x08000280                _unhandled_exception
                0x08000280                Vector170
                0x08000280                Vector88
                0x08000280                Vector104
                0x08000280                Vector184
                0x08000280                Vector10C
                0x08000280                Vector14C
                0x08000280                Vector50
                0x08000280                Vector154
                0x08000280                Vector44
                0x08000280                Vector28
                0x08000280                VectorB8
                0x08000280                VectorFC
                0x08000280                Vector34
                0x08000280                VectorA4
                0x08000280                Vector20
                0x08000280                Vector174
 *fill*         0x08000284        0xc 
 .text          0x08000290        0x4 build/obj/chcore.o
                0x08000290                port_halt
 *fill*         0x08000294        0xc 
 .text          0x080002a0      0x11c build/obj/chcore_v7m.o
                0x080002a0                SysTickVector
                0x080002c8                SVCallVector
                0x080002e8                _port_init
                0x08000318                _port_irq_epilogue
                0x08000380                _port_switch_from_isr
                0x08000390                _port_switch
                0x080003a4                _port_thread_start
 *fill*         0x080003bc        0x4 
 .text          0x080003c0      0x120 build/obj/nvic.o
                0x080003c0                nvicEnableVector
                0x0800043c                nvicDisableVector
                0x08000494                nvicSetSystemHandlerPriority
 .text          0x080004e0      0x124 build/obj/chsys.o
                0x080004e0                _idle_thread
                0x080004fc                chSysInit
                0x0800057c                chSysTimerHandlerI
 *fill*         0x08000604        0xc 
 .text          0x08000610      0x284 build/obj/chdebug.o
                0x08000610                dbg_check_disable
                0x08000638                dbg_check_suspend
                0x08000660                dbg_check_enable
                0x08000688                dbg_check_lock
                0x080006b4                dbg_check_unlock
                0x080006e0                dbg_check_lock_from_isr
                0x0800070c                dbg_check_unlock_from_isr
                0x08000738                dbg_check_enter_isr
                0x08000774                dbg_check_leave_isr
                0x080007b0                chDbgCheckClassI
                0x080007d8                chDbgCheckClassS
                0x08000800                _trace_init
                0x08000818                dbg_trace
                0x08000878                chDbgPanic
 *fill*         0x08000894        0xc 
 .text          0x080008a0        0x0 build/obj/chlists.o
 .text          0x080008a0      0x130 build/obj/chvt.o
                0x080008a0                _vt_init
                0x080008c4                chVTSetI
                0x08000964                chVTResetI
 .text          0x080009d0      0x3cc build/obj/chschd.o
                0x08000a14                _scheduler_init
                0x08000a3c                chSchReadyI
                0x08000ab0                chSchGoSleepS
                0x08000bb0                chSchGoSleepTimeoutS
                0x08000c14                chSchWakeupS
                0x08000c88                chSchRescheduleS
                0x08000ca8                chSchDoRescheduleBehind
                0x08000d04                chSchDoRescheduleAhead
                0x08000d94                chSchDoReschedule
 *fill*         0x08000d9c        0x4 
 .text          0x08000da0      0x46c build/obj/chthreads.o
                0x08000dd4                _thread_init
                0x08000e68                _thread_memfill
                0x08000e90                chThdCreateI
                0x08000f04                chThdCreateStatic
                0x08000f6c                chThdSetPriority
                0x08000fdc                chThdResume
                0x0800101c                chThdTerminate
                0x08001050                chThdSleep
                0x08001088                chThdSleepUntil
                0x080010c4                chThdYield
                0x080010f4                chThdExit
                0x08001110                chThdExitS
                0x08001180                chThdWait
 *fill*         0x0800120c        0x4 
 .text          0x08001210      0x220 build/obj/chdynamic.o
                0x08001210                chThdAddRef
                0x08001258                chThdRelease
                0x0800130c                chThdCreateFromHeap
                0x08001390                chThdCreateFromMemoryPool
 .text          0x08001430       0xa4 build/obj/chregistry.o
                0x08001430                chRegFirstThread
                0x0800146c                chRegNextThread
 *fill*         0x080014d4        0xc 
 .text          0x080014e0      0x578 build/obj/chsem.o
                0x08001550                chSemInit
                0x08001588                chSemReset
                0x080015b8                chSemResetI
                0x08001640                chSemWait
                0x0800166c                chSemWaitS
                0x080016f8                chSemWaitTimeout
                0x08001728                chSemWaitTimeoutS
                0x080017cc                chSemSignal
                0x08001850                chSemSignalI
                0x080018c8                chSemAddCounterI
                0x08001954                chSemSignalWait
 *fill*         0x08001a58        0x8 
 .text          0x08001a60      0x498 build/obj/chmtx.o
                0x08001aec                chMtxInit
                0x08001b1c                chMtxLock
                0x08001b44                chMtxLockS
                0x08001c4c                chMtxTryLock
                0x08001c80                chMtxTryLockS
                0x08001cd0                chMtxUnlock
                0x08001da8                chMtxUnlockS
                0x08001e70                chMtxUnlockAll
 *fill*         0x08001ef8        0x8 
 .text          0x08001f00      0x2d0 build/obj/chcond.o
                0x08001f6c                chCondInit
                0x08001f98                chCondSignal
                0x08001fe4                chCondSignalI
                0x08002024                chCondBroadcast
                0x08002050                chCondBroadcastI
                0x08002094                chCondWait
                0x080020c0                chCondWaitS
                0x08002128                chCondWaitTimeout
                0x08002158                chCondWaitTimeoutS
 .text          0x080021d0      0x610 build/obj/chevents.o
                0x080021d0                chEvtRegisterMask
                0x08002230                chEvtUnregister
                0x08002294                chEvtGetAndClearEvents
                0x080022dc                chEvtAddEvents
                0x08002318                chEvtBroadcastFlagsI
                0x0800236c                chEvtGetAndClearFlags
                0x0800239c                chEvtSignal
                0x080023dc                chEvtSignalI
                0x0800244c                chEvtBroadcastFlags
                0x0800247c                chEvtGetAndClearFlagsI
                0x08002494                chEvtDispatch
                0x0800250c                chEvtWaitOne
                0x08002578                chEvtWaitAny
                0x080025dc                chEvtWaitAll
                0x08002634                chEvtWaitOneTimeout
                0x080026cc                chEvtWaitAnyTimeout
                0x0800275c                chEvtWaitAllTimeout
 .text          0x080027e0      0x158 build/obj/chmsg.o
                0x0800282c                chMsgSend
                0x080028a4                chMsgWait
                0x080028f8                chMsgRelease
 *fill*         0x08002938        0x8 
 .text          0x08002940      0x414 build/obj/chmboxes.o
                0x08002940                chMBInit
                0x080029a8                chMBReset
                0x08002a14                chMBPost
                0x08002a48                chMBPostS
                0x08002ab4                chMBPostI
                0x08002b20                chMBPostAhead
                0x08002b54                chMBPostAheadS
                0x08002bc8                chMBPostAheadI
                0x08002c38                chMBFetch
                0x08002c6c                chMBFetchS
                0x08002ce0                chMBFetchI
 *fill*         0x08002d54        0xc 
 .text          0x08002d60      0x5a8 build/obj/chqueues.o
                0x08002dec                chIQInit
                0x08002e3c                chIQResetI
                0x08002e88                chIQPutI
                0x08002f1c                chIQGetTimeout
                0x08002fac                chIQReadTimeout
                0x08003074                chOQInit
                0x080030c4                chOQResetI
                0x0800311c                chOQPutTimeout
                0x080031b0                chOQGetI
                0x08003240                chOQWriteTimeout
 *fill*         0x08003308        0x8 
 .text          0x08003310      0x1c0 build/obj/chmemcore.o
                0x08003310                _core_init
                0x08003348                chCoreAlloc
                0x08003374                chCoreAllocI
                0x080033c4                chCoreStatus
                0x080033dc                chCoreReserve
                0x08003408                chCoreReserveI
                0x08003458                chCoreUnreserve
                0x08003484                chCoreUnreserveI
 .text          0x080034d0      0x2d4 build/obj/chheap.o
                0x080034d0                _heap_init
                0x080034f8                chHeapInit
                0x08003558                chHeapAlloc
                0x0800363c                chHeapFree
                0x08003738                chHeapStatus
 *fill*         0x080037a4        0xc 
 .text          0x080037b0      0x168 build/obj/chmempools.o
                0x080037b0                chPoolInit
                0x080037e8                chPoolLoadArray
                0x08003830                chPoolAllocI
                0x08003884                chPoolAlloc
                0x080038b0                chPoolFreeI
                0x080038ec                chPoolFree
 *fill*         0x08003918        0x8 
 .text          0x08003920       0xb4 build/obj/hal.o
                0x08003920                halInit
                0x0800394c                halIsCounterWithin
                0x080039a4                halPolledDelay
 *fill*         0x080039d4        0xc 
 .text          0x080039e0        0x0 build/obj/adc.o
 .text          0x080039e0        0x0 build/obj/can.o
 .text          0x080039e0        0x0 build/obj/ext.o
 .text          0x080039e0        0x0 build/obj/gpt.o
 .text          0x080039e0      0x2c4 build/obj/i2c.o
                0x080039e0                i2cInit
                0x080039e8                i2cObjectInit
                0x08003a0c                i2cStart
                0x08003a78                i2cStop
                0x08003ad8                i2cGetErrors
                0x08003afc                i2cMasterTransmitTimeout
                0x08003bb8                i2cMasterReceiveTimeout
                0x08003c5c                i2cAcquireBus
                0x08003c84                i2cReleaseBus
 *fill*         0x08003ca4        0xc 
 .text          0x08003cb0        0x0 build/obj/icu.o
 .text          0x08003cb0        0x0 build/obj/mac.o
 .text          0x08003cb0        0x0 build/obj/mmc_spi.o
 .text          0x08003cb0        0x0 build/obj/mmcsd.o
 .text          0x08003cb0       0xcc build/obj/pal.o
                0x08003cb0                palReadBus
                0x08003cec                palWriteBus
                0x08003d3c                palSetBusMode
 *fill*         0x08003d7c        0x4 
 .text          0x08003d80        0x0 build/obj/pwm.o
 .text          0x08003d80        0x0 build/obj/rtc.o
 .text          0x08003d80        0x0 build/obj/sdc.o
 .text          0x08003d80      0x314 build/obj/serial.o
                0x08003eb8                sdInit
                0x08003ec0                sdObjectInit
                0x08003f24                sdStart
                0x08003f80                sdStop
                0x08003ff0                sdIncomingDataI
                0x08004050                sdRequestDataI
 *fill*         0x08004094        0xc 
 .text          0x080040a0      0x758 build/obj/serial_usb.o
                0x0800436c                sduInit
                0x08004370                sduObjectInit
                0x080043d8                sduStart
                0x0800446c                sduStop
                0x0800452c                sduConfigureHookI
                0x0800459c                sduRequestsHook
                0x08004614                sduDataTransmitted
                0x08004728                sduDataReceived
                0x080047e8                sduInterruptTransmitted
 *fill*         0x080047f8        0x8 
 .text          0x08004800      0x5c0 build/obj/spi.o
                0x08004800                spiInit
                0x08004808                spiObjectInit
                0x08004830                spiStart
                0x08004894                spiStop
                0x080048f0                spiSelect
                0x08004938                spiUnselect
                0x08004980                spiStartIgnore
                0x080049d8                spiStartExchange
                0x08004a44                spiStartSend
                0x08004aa8                spiStartReceive
                0x08004b0c                spiIgnore
                0x08004b9c                spiExchange
                0x08004c40                spiSend
                0x08004cdc                spiReceive
                0x08004d78                spiAcquireBus
                0x08004da0                spiReleaseBus
 .text          0x08004dc0        0x0 build/obj/tm.o
 .text          0x08004dc0        0x0 build/obj/uart.o
 .text          0x08004dc0      0xc94 build/obj/usb.o
                0x0800518c                usbInit
                0x08005194                usbObjectInit
                0x080051e0                usbStart
                0x08005264                usbStop
                0x080052cc                usbInitEndpointI
                0x08005370                usbDisableEndpointsI
                0x080053e4                usbPrepareReceive
                0x08005430                usbPrepareTransmit
                0x0800547c                usbPrepareQueuedReceive
                0x080054c8                usbPrepareQueuedTransmit
                0x08005514                usbStartReceiveI
                0x08005584                usbStartTransmitI
                0x080055f4                usbStallReceiveI
                0x08005644                usbStallTransmitI
                0x08005694                _usb_reset
                0x080056f8                _usb_ep0setup
                0x080058a4                _usb_ep0in
                0x080059ac                _usb_ep0out
 *fill*         0x08005a54        0xc 
 .text          0x08005a60      0x540 build/obj/stm32_dma.o
                0x08005a60                Vector6C
                0x08005aa4                Vector70
                0x08005aec                Vector74
                0x08005b34                Vector78
                0x08005b7c                Vector7C
                0x08005bc4                Vector80
                0x08005c0c                Vector84
                0x08005c54                Vector120
                0x08005c98                Vector124
                0x08005ce0                Vector128
                0x08005d28                Vector12C
                0x08005d70                Vector130
                0x08005db8                dmaInit
                0x08005e18                dmaStreamAllocate
                0x08005f08                dmaStreamRelease
 .text          0x08005fa0      0x188 build/obj/hal_lld.o
                0x08005fd0                hal_lld_init
                0x08006078                stm32_clock_init
 *fill*         0x08006128        0x8 
 .text          0x08006130        0x0 build/obj/adc_lld.o
 .text          0x08006130        0x0 build/obj/ext_lld_isr.o
 .text          0x08006130        0x0 build/obj/can_lld.o
 .text          0x08006130        0x0 build/obj/ext_lld.o
 .text          0x08006130      0x1e0 build/obj/pal_lld.o
                0x08006174                _pal_lld_init
                0x080061ec                _pal_lld_setgroupmode
 .text          0x08006310      0x980 build/obj/i2c_lld.o
                0x08006748                VectorC4
                0x08006780                VectorC8
                0x080067b8                i2c_lld_init
                0x080067ec                i2c_lld_start
                0x08006920                i2c_lld_stop
                0x08006978                i2c_lld_master_receive_timeout
                0x08006ae8                i2c_lld_master_transmit_timeout
 .text          0x08006c90        0x0 build/obj/rtc_lld.o
 .text          0x08006c90      0x56c build/obj/spi_lld.o
                0x08006d7c                spi_lld_init
                0x08006dc4                spi_lld_start
                0x08006f00                spi_lld_stop
                0x08006f54                spi_lld_select
                0x08006f74                spi_lld_unselect
                0x08006f94                spi_lld_ignore
                0x08007010                spi_lld_exchange
                0x08007090                spi_lld_send
                0x0800710c                spi_lld_receive
                0x08007188                spi_lld_polled_exchange
 *fill*         0x080071fc        0x4 
 .text          0x08007200        0x0 build/obj/gpt_lld.o
 .text          0x08007200        0x0 build/obj/icu_lld.o
 .text          0x08007200        0x0 build/obj/pwm_lld.o
 .text          0x08007200      0x330 build/obj/serial_lld.o
                0x08007450                VectorDC
                0x0800746c                sd_lld_init
                0x0800749c                sd_lld_start
                0x080074ec                sd_lld_stop
 .text          0x08007530        0x0 build/obj/uart_lld.o
 .text          0x08007530      0xcc8 build/obj/usb_lld.o
                0x08007840                Vector168
                0x08007850                Vector16C
                0x08007bf8                usb_lld_init
                0x08007c08                usb_lld_start
                0x08007c60                usb_lld_stop
                0x08007ca8                usb_lld_reset
                0x08007d00                usb_lld_set_address
                0x08007d1c                usb_lld_init_endpoint
                0x08007e70                usb_lld_disable_endpoints
                0x08007eb4                usb_lld_get_status_out
                0x08007eec                usb_lld_get_status_in
                0x08007f24                usb_lld_read_setup
                0x08007f88                usb_lld_prepare_receive
                0x08007fec                usb_lld_prepare_transmit
                0x0800809c                usb_lld_start_out
                0x080080d0                usb_lld_start_in
                0x08008104                usb_lld_stall_out
                0x08008138                usb_lld_stall_in
                0x0800816c                usb_lld_clear_out
                0x080081b4                usb_lld_clear_in
 *fill*         0x080081f8        0x8 
 .text          0x08008200        0xc build/obj/board.o
                0x08008200                __early_init
                0x08008208                boardInit
 *fill*         0x0800820c        0x4 
 .text          0x08008210       0xb8 build/obj/evtimer.o
                0x08008258                evtStart
                0x08008298                evtStop
 *fill*         0x080082c8        0x8 
 .text          0x080082d0       0xcc build/obj/syscalls.o
                0x080082d0                _read_r
                0x080082ec                _lseek_r
                0x08008300                _write_r
                0x08008314                _close_r
                0x08008324                _sbrk_r
                0x08008364                _fstat_r
                0x0800838c                _isatty_r
 *fill*         0x0800839c        0x4 
 .text          0x080083a0      0x628 build/obj/chprintf.o
                0x080084f4                chvprintf
                0x08008980                chsnprintf
 *fill*         0x080089c8        0x8 
 .text          0x080089d0      0x15c build/obj/memstreams.o
                0x08008afc                msObjectInit
 *fill*         0x08008b2c        0x4 
 .text          0x08008b30      0x538 build/obj/shell.o
                0x08008efc                shellInit
                0x08008f08                shellExit
                0x08008f30                shellCreate
                0x08008f58                shellCreateStatic
                0x08008f84                shellGetLine
 *fill*         0x08009068        0x8 
 .text          0x08009070      0x7a0 build/obj/rtcan.o
                0x08009070                stm32_id8
                0x08009088                rtcan_ismaster
                0x08009090                rtcan_tim_isr_code
                0x08009104                rtcan_txok_isr_code
                0x080091b4                rtcan_alst_isr_code
                0x08009218                rtcan_terr_isr_code
                0x08009284                rtcan_rx_isr_code
                0x08009428                rtcanInit
                0x08009434                rtcanReset
                0x08009494                rtcanStart
                0x0800950c                rtcanStop
                0x08009564                rtcanTransmit
                0x08009594                rtcanTransmitI
                0x0800961c                rtcanReceive
                0x0800966c                rtcanReceiveMask
                0x080096bc                rtcanGetTime
                0x08009760                rtcan_blinker
 .text          0x08009810      0x108 build/obj/msgqueue.o
                0x08009810                msgqueue_init
                0x08009820                msgqueue_insert
                0x0800987c                msgqueue_remove
                0x080098d4                msgqueue_get
 *fill*         0x08009918        0x8 
 .text          0x08009920        0x0 build/obj/hrt.o
 .text          0x08009920      0x13c build/obj/srt.o
                0x08009920                srt_laxity
                0x08009958                srt_transmit
 *fill*         0x08009a5c        0x4 
 .text          0x08009a60      0x58c build/obj/rtcan_lld_can.o
                0x08009bfc                Vector8C
                0x08009c18                Vector90
                0x08009c34                Vector94
                0x08009c50                Vector98
                0x08009c6c                rtcan_lld_can_init
                0x08009c84                rtcan_lld_can_start
                0x08009d00                rtcan_lld_can_stop
                0x08009d64                rtcan_lld_can_txe
                0x08009d84                rtcan_lld_can_transmit
                0x08009de8                rtcan_lld_can_rxne
                0x08009e1c                rtcan_lld_can_receive
                0x08009f24                rtcan_lld_can_addfilter
 *fill*         0x08009fec        0x4 
 .text          0x08009ff0      0x198 build/obj/rtcan_lld_tim.o
                0x08009ff0                VectorB4
                0x0800a014                rtcan_lld_tim_init
                0x0800a024                rtcan_lld_tim_start
                0x0800a090                rtcan_lld_tim_stop
                0x0800a0cc                rtcan_lld_tim_start_timer
                0x0800a0f8                rtcan_lld_tim_stop_timer
                0x0800a118                rtcan_lld_tim_set_interval
                0x0800a138                rtcan_lld_tim_get_interval
                0x0800a154                rtcan_lld_tim_get_counter
                0x0800a16c                rtcan_lld_tim_set_counter
 *fill*         0x0800a188        0x8 
 .text          0x0800a190       0x34 build/obj/stubs.o
                0x0800a190                __cxa_pure_virtual
                0x0800a198                _exit
                0x0800a1a4                _kill
                0x0800a1bc                _getpid
 *fill*         0x0800a1c4        0xc 
 .text          0x0800a1d0       0xd4 build/obj/usbcfg.o
 *fill*         0x0800a2a4        0xc 
 .text          0x0800a2b0        0x0 build/obj/ArrayQueue_.o
 .text          0x0800a2b0      0x15c build/obj/SimplePool_.o
                0x0800a2b0                r2p::SimplePool_::alloc_unsafe()
                0x0800a2d8                r2p::SimplePool_::free_unsafe(void*)
                0x0800a2f8                r2p::SimplePool_::alloc()
                0x0800a330                r2p::SimplePool_::free(void*)
                0x0800a35c                r2p::SimplePool_::grow(void*, unsigned int, unsigned int)
                0x0800a3c0                r2p::SimplePool_::SimplePool_()
                0x0800a3c0                r2p::SimplePool_::SimplePool_()
                0x0800a3dc                r2p::SimplePool_::SimplePool_(void*, unsigned int, unsigned int)
                0x0800a3dc                r2p::SimplePool_::SimplePool_(void*, unsigned int, unsigned int)
 *fill*         0x0800a40c        0x4 
 .text          0x0800a410      0x3c4 build/obj/StaticList_.o
                0x0800a410                r2p::StaticList_::count_unsafe() const
                0x0800a43c                r2p::StaticList_::unlink_unsafe(r2p::StaticList_::Link&)
                0x0800a490                r2p::StaticList_::index_of_unsafe(void const*) const
                0x0800a4d8                r2p::StaticList_::contains_unsafe(void const*) const
                0x0800a508                r2p::StaticList_::find_first_unsafe(bool (*)(void const*)) const
                0x0800a544                r2p::StaticList_::find_first_unsafe(bool (*)(void const*, void const*), void const*) const
                0x0800a594                r2p::StaticList_::get_head() const
                0x0800a5b4                r2p::StaticList_::is_empty() const
                0x0800a5dc                r2p::StaticList_::count() const
                0x0800a61c                r2p::StaticList_::link(r2p::StaticList_::Link&)
                0x0800a63c                r2p::StaticList_::unlink(r2p::StaticList_::Link&)
                0x0800a668                r2p::StaticList_::index_of(void const*) const
                0x0800a6c4                r2p::StaticList_::contains(void const*) const
                0x0800a70c                r2p::StaticList_::find_first(bool (*)(void const*)) const
                0x0800a758                r2p::StaticList_::find_first(bool (*)(void const*, void const*), void const*) const
                0x0800a7b8                r2p::StaticList_::StaticList_()
                0x0800a7b8                r2p::StaticList_::StaticList_()
 *fill*         0x0800a7d4        0xc 
 .text          0x0800a7e0      0x300 build/obj/StaticQueue_.o
                0x0800a7e0                r2p::StaticQueue_::get_head_unsafe() const
                0x0800a7f0                r2p::StaticQueue_::get_tail_unsafe() const
                0x0800a800                r2p::StaticQueue_::post_unsafe(r2p::StaticQueue_::Link&)
                0x0800a880                r2p::StaticQueue_::peek_unsafe(r2p::StaticQueue_::Link const*&) const
                0x0800a8d4                r2p::StaticQueue_::fetch_unsafe(r2p::StaticQueue_::Link&)
                0x0800a94c                r2p::StaticQueue_::skip_unsafe()
                0x0800a9b4                r2p::StaticQueue_::get_head() const
                0x0800a9d4                r2p::StaticQueue_::get_tail() const
                0x0800a9f4                r2p::StaticQueue_::is_empty() const
                0x0800aa1c                r2p::StaticQueue_::post(r2p::StaticQueue_::Link&)
                0x0800aa3c                r2p::StaticQueue_::peek(r2p::StaticQueue_::Link const*&) const
                0x0800aa68                r2p::StaticQueue_::fetch(r2p::StaticQueue_::Link&)
                0x0800aa94                r2p::StaticQueue_::skip()
                0x0800aabc                r2p::StaticQueue_::StaticQueue_()
                0x0800aabc                r2p::StaticQueue_::StaticQueue_()
 .text          0x0800aae0      0x260 build/obj/BasePublisher.o
                0x0800aae0                r2p::BasePublisher::publish_unsafe(r2p::Message&)
                0x0800ab70                r2p::BasePublisher::publish_locally_unsafe(r2p::Message&)
                0x0800abd8                r2p::BasePublisher::publish_remotely_unsafe(r2p::Message&)
                0x0800ac40                r2p::BasePublisher::publish(r2p::Message&)
                0x0800acd0                r2p::BasePublisher::BasePublisher()
                0x0800acd0                r2p::BasePublisher::BasePublisher()
                0x0800acf8                r2p::BasePublisher::~BasePublisher()
                0x0800acf8                r2p::BasePublisher::~BasePublisher()
                0x0800ad24                r2p::BasePublisher::~BasePublisher()
 .text          0x0800ad40      0x120 build/obj/BaseSubscriber.o
                0x0800ad40                r2p::BaseSubscriber::release_unsafe(r2p::Message&)
                0x0800ad88                r2p::BaseSubscriber::release(r2p::Message&)
                0x0800add0                r2p::BaseSubscriber::BaseSubscriber()
                0x0800add0                r2p::BaseSubscriber::BaseSubscriber()
                0x0800adf8                r2p::BaseSubscriber::~BaseSubscriber()
                0x0800adf8                r2p::BaseSubscriber::~BaseSubscriber()
                0x0800ae24                r2p::BaseSubscriber::~BaseSubscriber()
                0x0800ae40                r2p::BaseSubscriber::has_topic(r2p::BaseSubscriber const&, char const*)
 .text          0x0800ae60       0x18 build/obj/BaseSubscriberQueue.o
                0x0800ae60                r2p::BaseSubscriberQueue::BaseSubscriberQueue()
                0x0800ae60                r2p::BaseSubscriberQueue::BaseSubscriberQueue()
 *fill*         0x0800ae78        0x8 
 .text          0x0800ae80       0x70 build/obj/BootMsg.o
                0x0800ae80                r2p::IhexRecord::compute_checksum() const
 .text          0x0800aef0       0x38 build/obj/Checksummer.o
                0x0800aef0                r2p::Checksummer::add(unsigned char const*, unsigned int)
 *fill*         0x0800af28        0x8 
 .text          0x0800af30       0x7c build/obj/LocalPublisher.o
                0x0800af30                r2p::LocalPublisher::LocalPublisher()
                0x0800af30                r2p::LocalPublisher::LocalPublisher()
                0x0800af60                r2p::LocalPublisher::~LocalPublisher()
                0x0800af60                r2p::LocalPublisher::~LocalPublisher()
                0x0800af90                r2p::LocalPublisher::~LocalPublisher()
 *fill*         0x0800afac        0x4 
 .text          0x0800afb0      0x198 build/obj/LocalSubscriber.o
                0x0800afb0                r2p::LocalSubscriber::fetch(r2p::Message*&)
                0x0800afe4                r2p::LocalSubscriber::fetch(r2p::Message*&, r2p::Time&)
                0x0800b02c                r2p::LocalSubscriber::notify(r2p::Message&, r2p::Time const&)
                0x0800b074                r2p::LocalSubscriber::LocalSubscriber(r2p::Message**, unsigned int, bool (*)(r2p::Message const&))
                0x0800b074                r2p::LocalSubscriber::LocalSubscriber(r2p::Message**, unsigned int, bool (*)(r2p::Message const&))
                0x0800b0f4                r2p::LocalSubscriber::~LocalSubscriber()
                0x0800b0f4                r2p::LocalSubscriber::~LocalSubscriber()
                0x0800b12c                r2p::LocalSubscriber::~LocalSubscriber()
 *fill*         0x0800b148        0x8 
 .text          0x0800b150       0x20 build/obj/MessagePtrQueue.o
                0x0800b150                r2p::MessagePtrQueue::MessagePtrQueue(r2p::Message**, unsigned int)
                0x0800b150                r2p::MessagePtrQueue::MessagePtrQueue(r2p::Message**, unsigned int)
 .text          0x0800b170       0x98 build/obj/Message.o
                0x0800b170                r2p::Message::acquire()
                0x0800b18c                r2p::Message::release()
                0x0800b1b4                r2p::Message::reset()
                0x0800b1d0                r2p::Message::copy(r2p::Message&, r2p::Message const&, unsigned int)
 *fill*         0x0800b208        0x8 
 .text          0x0800b210     0x1420 build/obj/Middleware.o
                0x0800b210                r2p::Middleware::initialize(void*, unsigned int, unsigned long, void*, unsigned int, unsigned long)
                0x0800b2bc                r2p::Middleware::start()
                0x0800b3e8                r2p::Middleware::stop()
                0x0800b4ac                r2p::Middleware::stop_remote(char const*)
                0x0800b4fc                r2p::Middleware::reboot_remote(char const*, bool)
                0x0800b560                r2p::Middleware::add(r2p::Node&)
                0x0800b594                r2p::Middleware::add(r2p::Transport&)
                0x0800b5b4                r2p::Middleware::add(r2p::Topic&)
                0x0800b600                r2p::Middleware::advertise(r2p::LocalPublisher&, char const*, r2p::Time const&, unsigned int)
                0x0800b6ec                r2p::Middleware::advertise(r2p::RemotePublisher&, char const*, r2p::Time const&, unsigned int)
                0x0800b740                r2p::Middleware::subscribe(r2p::LocalSubscriber&, char const*, r2p::Message*, unsigned int, unsigned int)
                0x0800b874                r2p::Middleware::subscribe(r2p::RemoteSubscriber&, char const*, r2p::Message*, unsigned int, unsigned int)
                0x0800b8d8                r2p::Middleware::confirm_stop(r2p::Node const&)
                0x0800b940                r2p::Middleware::find_topic(char const*)
                0x0800b97c                r2p::Middleware::find_node(char const*)
                0x0800b9b8                r2p::Middleware::touch_topic(char const*, unsigned int)
                0x0800ba1c                r2p::Middleware::do_mgmt_thread()
                0x0800c0c4                r2p::Middleware::do_cmd_advertise(r2p::MgmtMsg const&)
                0x0800c1e0                r2p::Middleware::do_cmd_subscribe_request(r2p::MgmtMsg const&)
                0x0800c328                r2p::Middleware::do_cmd_subscribe_response(r2p::MgmtMsg const&)
                0x0800c3ac                r2p::Middleware::Middleware(char const*, char const*, r2p::Middleware::PubSubStep*, unsigned int)
                0x0800c3ac                r2p::Middleware::Middleware(char const*, char const*, r2p::Middleware::PubSubStep*, unsigned int)
                0x0800c500                r2p::Middleware::mgmt_threadf(void*)
                0x0800c51c                r2p::Middleware::boot_threadf(void*)
 .text          0x0800c630      0x2f0 build/obj/Node.o
                0x0800c630                r2p::Node::advertise(r2p::LocalPublisher&, char const*, r2p::Time const&, unsigned int)
                0x0800c690                r2p::Node::subscribe(r2p::LocalSubscriber&, char const*, r2p::Message*, unsigned int)
                0x0800c754                r2p::Node::spin(r2p::Time const&)
                0x0800c848                r2p::Node::Node(char const*, bool)
                0x0800c848                r2p::Node::Node(char const*, bool)
                0x0800c8e0                r2p::Node::~Node()
                0x0800c8e0                r2p::Node::~Node()
 .text          0x0800c920       0x84 build/obj/RemotePublisher.o
                0x0800c920                r2p::RemotePublisher::RemotePublisher(r2p::Transport&)
                0x0800c920                r2p::RemotePublisher::RemotePublisher(r2p::Transport&)
                0x0800c958                r2p::RemotePublisher::~RemotePublisher()
                0x0800c958                r2p::RemotePublisher::~RemotePublisher()
                0x0800c988                r2p::RemotePublisher::~RemotePublisher()
 *fill*         0x0800c9a4        0xc 
 .text          0x0800c9b0       0x90 build/obj/RemoteSubscriber.o
                0x0800c9b0                r2p::RemoteSubscriber::RemoteSubscriber(r2p::Transport&)
                0x0800c9b0                r2p::RemoteSubscriber::RemoteSubscriber(r2p::Transport&)
                0x0800c9f4                r2p::RemoteSubscriber::~RemoteSubscriber()
                0x0800c9f4                r2p::RemoteSubscriber::~RemoteSubscriber()
                0x0800ca24                r2p::RemoteSubscriber::~RemoteSubscriber()
 .text          0x0800ca40       0x58 build/obj/Time.o
 *fill*         0x0800ca98        0x8 
 .text          0x0800caa0       0x20 build/obj/TimestampedMsgPtrQueue.o
                0x0800caa0                r2p::TimestampedMsgPtrQueue::TimestampedMsgPtrQueue(r2p::TimestampedMsgPtrQueue::Entry*, unsigned int)
                0x0800caa0                r2p::TimestampedMsgPtrQueue::TimestampedMsgPtrQueue(r2p::TimestampedMsgPtrQueue::Entry*, unsigned int)
 .text          0x0800cac0      0x610 build/obj/Topic.o
                0x0800cac0                r2p::Topic::notify_locals_unsafe(r2p::Message&, r2p::Time const&)
                0x0800cb48                r2p::Topic::notify_remotes_unsafe(r2p::Message&, r2p::Time const&)
                0x0800cbd4                r2p::Topic::forward_copy_unsafe(r2p::Message const&, r2p::Time const&)
                0x0800ccb0                r2p::Topic::alloc()
                0x0800ccd0                r2p::Topic::notify_locals(r2p::Message&, r2p::Time const&)
                0x0800cd58                r2p::Topic::notify_remotes(r2p::Message&, r2p::Time const&)
                0x0800ce08                r2p::Topic::forward_copy(r2p::Message const&, r2p::Time const&)
                0x0800cee4                r2p::Topic::advertise(r2p::LocalPublisher&, r2p::Time const&)
                0x0800cf24                r2p::Topic::advertise(r2p::RemotePublisher&, r2p::Time const&)
                0x0800cf64                r2p::Topic::subscribe(r2p::LocalSubscriber&, unsigned int)
                0x0800cfa0                r2p::Topic::subscribe(r2p::RemoteSubscriber&, unsigned int)
                0x0800cfdc                r2p::Topic::patch_pubsub_msg(r2p::Message&, r2p::Transport&) const
                0x0800d040                r2p::Topic::Topic(char const*, unsigned int, bool)
                0x0800d040                r2p::Topic::Topic(char const*, unsigned int, bool)
 .text          0x0800d0d0      0x3f8 build/obj/Transport.o
                0x0800d0d0                r2p::Transport::touch_publisher(r2p::Topic&, unsigned char const*)
                0x0800d168                r2p::Transport::touch_subscriber(r2p::Topic&, unsigned int, unsigned char*)
                0x0800d2b0                r2p::Transport::advertise_cb(r2p::Topic&, unsigned char const*)
                0x0800d2d0                r2p::Transport::subscribe_cb(r2p::Topic&, unsigned int, unsigned char*)
                0x0800d2f4                r2p::Transport::advertise(r2p::RemotePublisher&, char const*, r2p::Time const&, unsigned int)
                0x0800d358                r2p::Transport::subscribe(r2p::RemoteSubscriber&, char const*, r2p::Message*, unsigned int, unsigned int)
                0x0800d3c0                r2p::Transport::fill_raw_params(r2p::Topic const&, unsigned char*)
                0x0800d3dc                r2p::Transport::Transport(char const*)
                0x0800d3dc                r2p::Transport::Transport(char const*)
                0x0800d458                r2p::Transport::~Transport()
                0x0800d458                r2p::Transport::~Transport()
                0x0800d4ac                r2p::Transport::~Transport()
 *fill*         0x0800d4c8        0x8 
 .text          0x0800d4d0       0xec build/obj/Utils.o
                0x0800d4d0                r2p::is_identifier(char const*)
                0x0800d53c                r2p::is_identifier(char const*, unsigned int)
 *fill*         0x0800d5bc        0x4 
 .text          0x0800d5c0     0x14d8 build/obj/Bootloader.o
                0x0800d5c0                r2p::Bootloader::spin_loop()
                0x0800d67c                r2p::Bootloader::alloc()
                0x0800d6e4                r2p::Bootloader::publish()
                0x0800d748                r2p::Bootloader::fetch()
                0x0800d7a4                r2p::Bootloader::release()
                0x0800d7e8                r2p::Bootloader::do_loader()
                0x0800da28                r2p::Bootloader::do_appinfo()
                0x0800dd0c                r2p::Bootloader::do_getparam()
                0x0800de90                r2p::Bootloader::do_setparam()
                0x0800e04c                r2p::Bootloader::do_ack()
                0x0800e068                r2p::Bootloader::do_error(unsigned long, char const*)
                0x0800e0a0                r2p::Bootloader::do_release_error(unsigned long, char const*)
                0x0800e0e0                r2p::Bootloader::write_appinfo(r2p::Bootloader::FlashAppInfo const*, r2p::BootMsg::LinkingSetup const&, r2p::BootMsg::LinkingAddresses const&, r2p::BootMsg::LinkingOutcome const&)
                0x0800e354                r2p::Bootloader::process_ihex(r2p::IhexRecord const&, r2p::BootMsg::LinkingSetup const&, r2p::BootMsg::LinkingAddresses const&)
                0x0800e528                r2p::Bootloader::remove_last()
                0x0800e56c                r2p::Bootloader::remove_all()
                0x0800e64c                r2p::Bootloader::Bootloader(unsigned short*, r2p::Publisher<r2p::BootMsg>&, r2p::SubscriberExtBuf<r2p::BootMsg>&)
                0x0800e64c                r2p::Bootloader::Bootloader(unsigned short*, r2p::Publisher<r2p::BootMsg>&, r2p::SubscriberExtBuf<r2p::BootMsg>&)
                0x0800e6a4                r2p::Bootloader::get_num_apps()
                0x0800e6e4                r2p::Bootloader::get_free_app()
                0x0800e754                r2p::Bootloader::get_last_app()
                0x0800e7ac                r2p::Bootloader::get_app(char const*)
                0x0800e80c                r2p::Bootloader::compute_addresses(r2p::BootMsg::LinkingSetup const&, r2p::BootMsg::LinkingAddresses&)
                0x0800e930                r2p::Bootloader::launch(char const*)
                0x0800e9b8                r2p::Bootloader::app_threadf_wrapper(void*)
                0x0800ea30                r2p::Bootloader::launch_all()
 *fill*         0x0800ea98        0x8 
 .text          0x0800eaa0      0xd38 build/obj/DebugTransport.o
                0x0800eaac                r2p::DebugTransport::skip_after_char(char, unsigned long)
                0x0800eaec                r2p::DebugTransport::recv_byte(unsigned char&, unsigned long)
                0x0800ebf0                r2p::DebugTransport::send_chunk(void const*, unsigned int, unsigned long)
                0x0800ec44                r2p::DebugTransport::recv_chunk(void*, unsigned int, unsigned long)
                0x0800ec94                r2p::DebugTransport::send_chunk_rev(void const*, unsigned int, unsigned long)
                0x0800ecec                r2p::DebugTransport::recv_chunk_rev(void*, unsigned int, unsigned long)
                0x0800ed44                r2p::DebugTransport::send_string(char const*, unsigned int, unsigned long)
                0x0800ed94                r2p::DebugTransport::recv_string(char*, unsigned int, unsigned long)
                0x0800ede0                r2p::DebugTransport::send_msg(r2p::Message const&, unsigned int, char const*, r2p::Time const&)
                0x0800efec                r2p::DebugTransport::initialize(void*, unsigned int, unsigned long, void*, unsigned int, unsigned long)
                0x0800f1bc                r2p::DebugTransport::spin_tx()
                0x0800f338                r2p::DebugTransport::spin_rx()
                0x0800f5c4                r2p::DebugTransport::rx_threadf(void*)
                0x0800f5e4                r2p::DebugTransport::tx_threadf(void*)
                0x0800f604                r2p::DebugTransport::DebugTransport(char const*, BaseChannel*, char*)
                0x0800f604                r2p::DebugTransport::DebugTransport(char const*, BaseChannel*, char*)
                0x0800f740                r2p::DebugTransport::~DebugTransport()
                0x0800f740                r2p::DebugTransport::~DebugTransport()
                0x0800f7bc                r2p::DebugTransport::~DebugTransport()
 *fill*         0x0800f7d8        0x8 
 .text          0x0800f7e0       0x74 build/obj/DebugPublisher.o
                0x0800f7e0                r2p::DebugPublisher::DebugPublisher(r2p::Transport&)
                0x0800f7e0                r2p::DebugPublisher::DebugPublisher(r2p::Transport&)
                0x0800f808                r2p::DebugPublisher::~DebugPublisher()
                0x0800f808                r2p::DebugPublisher::~DebugPublisher()
                0x0800f838                r2p::DebugPublisher::~DebugPublisher()
 *fill*         0x0800f854        0xc 
 .text          0x0800f860      0x188 build/obj/DebugSubscriber.o
                0x0800f860                r2p::DebugSubscriber::get_queue_length() const
                0x0800f87c                r2p::DebugSubscriber::get_queue_count() const
                0x0800f898                r2p::DebugSubscriber::notify_unsafe(r2p::Message&, r2p::Time const&)
                0x0800f900                r2p::DebugSubscriber::fetch_unsafe(r2p::Message*&, r2p::Time&)
                0x0800f948                r2p::DebugSubscriber::DebugSubscriber(r2p::DebugTransport&, r2p::TimestampedMsgPtrQueue::Entry*, unsigned int)
                0x0800f948                r2p::DebugSubscriber::DebugSubscriber(r2p::DebugTransport&, r2p::TimestampedMsgPtrQueue::Entry*, unsigned int)
                0x0800f994                r2p::DebugSubscriber::~DebugSubscriber()
                0x0800f994                r2p::DebugSubscriber::~DebugSubscriber()
                0x0800f9cc                r2p::DebugSubscriber::~DebugSubscriber()
 *fill*         0x0800f9e8        0x8 
 .text          0x0800f9f0      0x4b4 build/obj/RTCANTransport.o
                0x0800f9f0                r2p::RTCANTransport::send(r2p::Message*, r2p::RTCANSubscriber*)
                0x0800fa78                r2p::RTCANTransport::send_cb(rtcan_msg_t&)
                0x0800fabc                r2p::RTCANTransport::recv_cb(rtcan_msg_t&)
                0x0800fb18                r2p::RTCANTransport::free_header(rtcan_msg_t&)
                0x0800fb3c                r2p::RTCANTransport::create_publisher(r2p::Topic&, unsigned char const*) const
                0x0800fbf0                r2p::RTCANTransport::create_subscriber(r2p::Topic&, r2p::TimestampedMsgPtrQueue::Entry*, unsigned int) const
                0x0800fc2c                r2p::RTCANTransport::fill_raw_params(r2p::Topic const&, unsigned char*)
                0x0800fc4c                r2p::RTCANTransport::initialize(RTCANConfig const&)
                0x0800fd08                r2p::RTCANTransport::RTCANTransport(RTCANDriver&)
                0x0800fd08                r2p::RTCANTransport::RTCANTransport(RTCANDriver&)
                0x0800fda0                r2p::RTCANTransport::~RTCANTransport()
                0x0800fda0                r2p::RTCANTransport::~RTCANTransport()
                0x0800fde8                r2p::RTCANTransport::~RTCANTransport()
                0x0800fe04                r2p::RTCANTransport::topic_id(r2p::Topic const&) const
 *fill*         0x0800fea4        0xc 
 .text          0x0800feb0       0x74 build/obj/RTCANPublisher.o
                0x0800feb0                r2p::RTCANPublisher::RTCANPublisher(r2p::Transport&)
                0x0800feb0                r2p::RTCANPublisher::RTCANPublisher(r2p::Transport&)
                0x0800fed8                r2p::RTCANPublisher::~RTCANPublisher()
                0x0800fed8                r2p::RTCANPublisher::~RTCANPublisher()
                0x0800ff08                r2p::RTCANPublisher::~RTCANPublisher()
 *fill*         0x0800ff24        0xc 
 .text          0x0800ff30       0xc8 build/obj/RTCANSubscriber.o
                0x0800ff30                r2p::RTCANSubscriber::fetch_unsafe(r2p::Message*&, r2p::Time&)
                0x0800ff40                r2p::RTCANSubscriber::notify_unsafe(r2p::Message&, r2p::Time const&)
                0x0800ff74                r2p::RTCANSubscriber::get_queue_length() const
                0x0800ff80                r2p::RTCANSubscriber::RTCANSubscriber(r2p::RTCANTransport&, r2p::TimestampedMsgPtrQueue::Entry*, unsigned int)
                0x0800ff80                r2p::RTCANSubscriber::RTCANSubscriber(r2p::RTCANTransport&, r2p::TimestampedMsgPtrQueue::Entry*, unsigned int)
                0x0800ffac                r2p::RTCANSubscriber::~RTCANSubscriber()
                0x0800ffac                r2p::RTCANSubscriber::~RTCANSubscriber()
                0x0800ffdc                r2p::RTCANSubscriber::~RTCANSubscriber()
 *fill*         0x0800fff8        0x8 
 .text          0x08010000       0x44 build/obj/Middleware_.o
                0x08010000                r2p::Middleware::reboot()
 *fill*         0x08010044        0xc 
 .text          0x08010050       0x44 build/obj/Time_.o
                0x08010050                r2p::Time::now()
 *fill*         0x08010094        0xc 
 .text          0x080100a0       0x30 build/obj/Bootloader_.o
                0x080100a0                r2p::Bootloader::reserve_ram(unsigned int)
                0x080100b8                r2p::Bootloader::unreserve_ram(unsigned int)
 .text          0x080100d0      0x96c build/obj/Flasher_.o
                0x0801014c                r2p::Flasher_::set_page_buffer(unsigned short*)
                0x08010170                r2p::Flasher_::is_erased(unsigned short)
                0x080101d0                r2p::Flasher_::erase(unsigned short)
                0x08010244                r2p::Flasher_::compare(unsigned short, unsigned short const volatile*)
                0x08010300                r2p::Flasher_::read(unsigned short, unsigned short*)
                0x0801034c                r2p::Flasher_::write(unsigned short, unsigned short const volatile*)
                0x08010480                r2p::Flasher_::write_if_needed(unsigned short, unsigned short const volatile*)
                0x080104f0                r2p::Flasher_::begin()
                0x08010518                r2p::Flasher_::end()
                0x0801054c                r2p::Flasher_::flash_aligned(unsigned short const*, unsigned short const*, unsigned int)
                0x080106b0                r2p::Flasher_::erase_aligned(unsigned short const*, unsigned int)
                0x08010720                r2p::Flasher_::flash(unsigned char const*, unsigned char const*, unsigned int)
                0x08010870                r2p::Flasher_::erase(unsigned char const*, unsigned int)
                0x080109b0                r2p::Flasher_::Flasher_(unsigned short*)
                0x080109b0                r2p::Flasher_::Flasher_(unsigned short*)
                0x080109dc                r2p::Flasher_::jump_to(unsigned char const*)
 *fill*         0x08010a3c        0x4 
 .text          0x08010a40      0x22c build/obj/led.o
                0x08010a40                r2p::led2gpio(unsigned int)
                0x08010a88                r2p::led2pin(unsigned int)
                0x08010acc                r2p::ledpub_node(void*)
                0x08010b78                r2p::callback(r2p::LedMsg const&)
                0x08010bd8                r2p::ledsub_node(void*)
 *fill*         0x08010c6c        0x4 
 .text          0x08010c70      0x100 build/obj/chnew.o
                0x08010c70                operator new(unsigned int)
                0x08010c94                operator new(unsigned int, memory_heap*)
                0x08010cbc                operator new[](unsigned int)
                0x08010ce0                operator new[](unsigned int, memory_heap*)
                0x08010d08                operator delete(void*)
                0x08010d20                operator delete(void*, memory_heap*)
                0x08010d3c                operator delete[](void*)
                0x08010d54                operator delete[](void*, memory_heap*)
 .text          0x08010d70      0x348 build/obj/main.o
                0x08010d70                usb_lld_disconnect_bus(USBDriver*)
                0x08010da4                usb_lld_connect_bus(USBDriver*)
                0x08010ddc                test_pub_node(void*)
                0x08010ebc                main
 *fill*         0x080110b8        0x8 
 .text          0x080110c0      0x370 /opt/R2P/tools/gcc-arm-none-eabi-4_9-2014q4/bin/../lib/gcc/arm-none-eabi/4.9.3/armv7e-m/libgcc.a(_arm_addsubdf3.o)
                0x080110c0                __aeabi_drsub
                0x080110c8                __aeabi_dsub
                0x080110c8                __subdf3
                0x080110cc                __adddf3
                0x080110cc                __aeabi_dadd
                0x08011344                __aeabi_ui2d
                0x08011344                __floatunsidf
                0x08011364                __floatsidf
                0x08011364                __aeabi_i2d
                0x08011388                __extendsfdf2
                0x08011388                __aeabi_f2d
                0x080113c4                __aeabi_ul2d
                0x080113c4                __floatundidf
                0x080113d4                __floatdidf
                0x080113d4                __aeabi_l2d
 .text          0x08011430      0x424 /opt/R2P/tools/gcc-arm-none-eabi-4_9-2014q4/bin/../lib/gcc/arm-none-eabi/4.9.3/armv7e-m/libgcc.a(_arm_muldivdf3.o)
                0x08011430                __aeabi_dmul
                0x08011430                __muldf3
                0x08011684                __aeabi_ddiv
                0x08011684                __divdf3
 *fill*         0x08011854        0xc 
 .text          0x08011860       0x50 /opt/R2P/tools/gcc-arm-none-eabi-4_9-2014q4/bin/../lib/gcc/arm-none-eabi/4.9.3/armv7e-m/libgcc.a(_arm_fixdfsi.o)
                0x08011860                __fixdfsi
                0x08011860                __aeabi_d2iz
 .text          0x080118b0       0xa0 /opt/R2P/tools/gcc-arm-none-eabi-4_9-2014q4/bin/../lib/gcc/arm-none-eabi/4.9.3/armv7e-m/libgcc.a(_arm_truncdfsf2.o)
                0x080118b0                __aeabi_d2f
                0x080118b0                __truncdfsf2
 .text          0x08011950       0xec /opt/R2P/tools/gcc-arm-none-eabi-4_9-2014q4/bin/../lib/gcc/arm-none-eabi/4.9.3/armv7e-m/libgcc.a(_arm_cmpsf2.o)
                0x08011950                __gtsf2
                0x08011950                __gesf2
                0x08011958                __lesf2
                0x08011958                __ltsf2
                0x08011960                __nesf2
                0x08011960                __eqsf2
                0x08011960                __cmpsf2
                0x080119c0                __aeabi_cfrcmple
                0x080119c8                __aeabi_cfcmple
                0x080119c8                __aeabi_cfcmpeq
                0x080119d8                __aeabi_fcmpeq
                0x080119ec                __aeabi_fcmplt
                0x08011a00                __aeabi_fcmple
                0x08011a14                __aeabi_fcmpge
                0x08011a28                __aeabi_fcmpgt
 *fill*         0x08011a3c        0x4 
 .text          0x08011a40        0x0 /opt/R2P/tools/gcc-arm-none-eabi-4_9-2014q4/bin/../lib/gcc/arm-none-eabi/4.9.3/../../../../arm-none-eabi/lib/armv7e-m/libg.a(lib_a-aeabi_atexit.o)
 .text          0x08011a40        0x0 /opt/R2P/tools/gcc-arm-none-eabi-4_9-2014q4/bin/../lib/gcc/arm-none-eabi/4.9.3/../../../../arm-none-eabi/lib/armv7e-m/libg.a(lib_a-cxa_atexit.o)
 .text          0x08011a40      0x134 /opt/R2P/tools/gcc-arm-none-eabi-4_9-2014q4/bin/../lib/gcc/arm-none-eabi/4.9.3/../../../../arm-none-eabi/lib/armv7e-m/libg.a(lib_a-memcpy.o)
                0x08011a40                memcpy
 *fill*         0x08011b74        0xc 
 .text          0x08011b80        0x0 /opt/R2P/tools/gcc-arm-none-eabi-4_9-2014q4/bin/../lib/gcc/arm-none-eabi/4.9.3/../../../../arm-none-eabi/lib/armv7e-m/libg.a(lib_a-memset.o)
 .text          0x08011b80        0x0 /opt/R2P/tools/gcc-arm-none-eabi-4_9-2014q4/bin/../lib/gcc/arm-none-eabi/4.9.3/../../../../arm-none-eabi/lib/armv7e-m/libg.a(lib_a-sprintf.o)
 .text          0x08011b80        0x0 /opt/R2P/tools/gcc-arm-none-eabi-4_9-2014q4/bin/../lib/gcc/arm-none-eabi/4.9.3/../../../../arm-none-eabi/lib/armv7e-m/libg.a(lib_a-strcasecmp.o)
 .text          0x08011b80        0x0 /opt/R2P/tools/gcc-arm-none-eabi-4_9-2014q4/bin/../lib/gcc/arm-none-eabi/4.9.3/../../../../arm-none-eabi/lib/armv7e-m/libg.a(lib_a-strncmp.o)
 .text          0x08011b80        0x0 /opt/R2P/tools/gcc-arm-none-eabi-4_9-2014q4/bin/../lib/gcc/arm-none-eabi/4.9.3/../../../../arm-none-eabi/lib/armv7e-m/libg.a(lib_a-strncpy.o)
 .text          0x08011b80        0x0 /opt/R2P/tools/gcc-arm-none-eabi-4_9-2014q4/bin/../lib/gcc/arm-none-eabi/4.9.3/../../../../arm-none-eabi/lib/armv7e-m/libg.a(lib_a-strnlen.o)
 .text          0x08011b80        0x0 /opt/R2P/tools/gcc-arm-none-eabi-4_9-2014q4/bin/../lib/gcc/arm-none-eabi/4.9.3/../../../../arm-none-eabi/lib/armv7e-m/libg.a(lib_a-strpbrk.o)
 .text          0x08011b80        0x0 /opt/R2P/tools/gcc-arm-none-eabi-4_9-2014q4/bin/../lib/gcc/arm-none-eabi/4.9.3/../../../../arm-none-eabi/lib/armv7e-m/libg.a(lib_a-strspn.o)
 .text          0x08011b80        0x0 /opt/R2P/tools/gcc-arm-none-eabi-4_9-2014q4/bin/../lib/gcc/arm-none-eabi/4.9.3/../../../../arm-none-eabi/lib/armv7e-m/libg.a(lib_a-svfprintf.o)
 .text          0x08011b80        0x0 /opt/R2P/tools/gcc-arm-none-eabi-4_9-2014q4/bin/../lib/gcc/arm-none-eabi/4.9.3/../../../../arm-none-eabi/lib/armv7e-m/libg.a(lib_a-__atexit.o)
 .text          0x08011b80        0x0 /opt/R2P/tools/gcc-arm-none-eabi-4_9-2014q4/bin/../lib/gcc/arm-none-eabi/4.9.3/../../../../arm-none-eabi/lib/armv7e-m/libg.a(lib_a-ctype_.o)
 .text          0x08011b80        0x0 /opt/R2P/tools/gcc-arm-none-eabi-4_9-2014q4/bin/../lib/gcc/arm-none-eabi/4.9.3/../../../../arm-none-eabi/lib/armv7e-m/libg.a(lib_a-dtoa.o)
 .text          0x08011b80        0x0 /opt/R2P/tools/gcc-arm-none-eabi-4_9-2014q4/bin/../lib/gcc/arm-none-eabi/4.9.3/../../../../arm-none-eabi/lib/armv7e-m/libg.a(lib_a-impure.o)
 .text          0x08011b80        0x0 /opt/R2P/tools/gcc-arm-none-eabi-4_9-2014q4/bin/../lib/gcc/arm-none-eabi/4.9.3/../../../../arm-none-eabi/lib/armv7e-m/libg.a(lib_a-locale.o)
 .text          0x08011b80        0x0 /opt/R2P/tools/gcc-arm-none-eabi-4_9-2014q4/bin/../lib/gcc/arm-none-eabi/4.9.3/../../../../arm-none-eabi/lib/armv7e-m/libg.a(lib_a-mallocr.o)
 .text          0x08011b80        0x0 /opt/R2P/tools/gcc-arm-none-eabi-4_9-2014q4/bin/../lib/gcc/arm-none-eabi/4.9.3/../../../../arm-none-eabi/lib/armv7e-m/libg.a(lib_a-memchr.o)
 .text          0x08011b80        0x0 /opt/R2P/tools/gcc-arm-none-eabi-4_9-2014q4/bin/../lib/gcc/arm-none-eabi/4.9.3/../../../../arm-none-eabi/lib/armv7e-m/libg.a(lib_a-mlock.o)
 .text          0x08011b80        0x0 /opt/R2P/tools/gcc-arm-none-eabi-4_9-2014q4/bin/../lib/gcc/arm-none-eabi/4.9.3/../../../../arm-none-eabi/lib/armv7e-m/libg.a(lib_a-mprec.o)
 .text          0x08011b80        0x0 /opt/R2P/tools/gcc-arm-none-eabi-4_9-2014q4/bin/../lib/gcc/arm-none-eabi/4.9.3/../../../../arm-none-eabi/lib/armv7e-m/libg.a(lib_a-s_fpclassify.o)
 .text          0x08011b80      0x2e0 /opt/R2P/tools/gcc-arm-none-eabi-4_9-2014q4/bin/../lib/gcc/arm-none-eabi/4.9.3/../../../../arm-none-eabi/lib/armv7e-m/libg.a(lib_a-strcmp.o)
                0x08011b88                strcmp
 .text          0x08011e60        0x0 /opt/R2P/tools/gcc-arm-none-eabi-4_9-2014q4/bin/../lib/gcc/arm-none-eabi/4.9.3/../../../../arm-none-eabi/lib/armv7e-m/libg.a(lib_a-strlen.o)
 .text          0x08011e60        0x0 /opt/R2P/tools/gcc-arm-none-eabi-4_9-2014q4/bin/../lib/gcc/arm-none-eabi/4.9.3/../../../../arm-none-eabi/lib/armv7e-m/libg.a(lib_a-svfiprintf.o)
 .text          0x08011e60        0x0 /opt/R2P/tools/gcc-arm-none-eabi-4_9-2014q4/bin/../lib/gcc/arm-none-eabi/4.9.3/../../../../arm-none-eabi/lib/armv7e-m/libg.a(lib_a-callocr.o)
 .text          0x08011e60        0x0 /opt/R2P/tools/gcc-arm-none-eabi-4_9-2014q4/bin/../lib/gcc/arm-none-eabi/4.9.3/../../../../arm-none-eabi/lib/armv7e-m/libg.a(lib_a-freer.o)
 .text          0x08011e60        0x0 /opt/R2P/tools/gcc-arm-none-eabi-4_9-2014q4/bin/../lib/gcc/arm-none-eabi/4.9.3/../../../../arm-none-eabi/lib/armv7e-m/libg.a(lib_a-memmove.o)
 .text          0x08011e60        0x0 /opt/R2P/tools/gcc-arm-none-eabi-4_9-2014q4/bin/../lib/gcc/arm-none-eabi/4.9.3/../../../../arm-none-eabi/lib/armv7e-m/libg.a(lib_a-reallocr.o)
 .text          0x08011e60      0x110 /opt/R2P/tools/gcc-arm-none-eabi-4_9-2014q4/bin/../lib/gcc/arm-none-eabi/4.9.3/armv7e-m/libgcc.a(_arm_cmpdf2.o)
                0x08011e60                __gtdf2
                0x08011e60                __gedf2
                0x08011e68                __ltdf2
                0x08011e68                __ledf2
                0x08011e70                __cmpdf2
                0x08011e70                __eqdf2
                0x08011e70                __nedf2
                0x08011eec                __aeabi_cdrcmple
                0x08011efc                __aeabi_cdcmple
                0x08011efc                __aeabi_cdcmpeq
                0x08011f0c                __aeabi_dcmpeq
                0x08011f20                __aeabi_dcmplt
                0x08011f34                __aeabi_dcmple
                0x08011f48                __aeabi_dcmpge
                0x08011f5c                __aeabi_dcmpgt
 .text          0x08011f70       0x2c /opt/R2P/tools/gcc-arm-none-eabi-4_9-2014q4/bin/../lib/gcc/arm-none-eabi/4.9.3/armv7e-m/libgcc.a(_aeabi_uldivmod.o)
                0x08011f70                __aeabi_uldivmod
 *fill*         0x08011f9c        0x4 
 .text          0x08011fa0       0x60 /opt/R2P/tools/gcc-arm-none-eabi-4_9-2014q4/bin/../lib/gcc/arm-none-eabi/4.9.3/armv7e-m/libgcc.a(bpabi.o)
                0x08011fa0                __gnu_ldivmod_helper
                0x08011fd0                __gnu_uldivmod_helper
 .text          0x08012000        0x4 /opt/R2P/tools/gcc-arm-none-eabi-4_9-2014q4/bin/../lib/gcc/arm-none-eabi/4.9.3/armv7e-m/libgcc.a(_dvmd_tls.o)
                0x08012000                __aeabi_ldiv0
                0x08012000                __aeabi_idiv0
 *fill*         0x08012004        0xc 
 .text          0x08012010      0x29c /opt/R2P/tools/gcc-arm-none-eabi-4_9-2014q4/bin/../lib/gcc/arm-none-eabi/4.9.3/armv7e-m/libgcc.a(_divdi3.o)
                0x08012010                __divdi3
 *fill*         0x080122ac        0x4 
 .text          0x080122b0      0x26c /opt/R2P/tools/gcc-arm-none-eabi-4_9-2014q4/bin/../lib/gcc/arm-none-eabi/4.9.3/armv7e-m/libgcc.a(_udivdi3.o)
                0x080122b0                __udivdi3
 *(.text.*)
 *fill*         0x0801251c        0x4 
 .text._ZN3r2p10UncopyableC2Ev
                0x08012520        0xc build/obj/SimplePool_.o
                0x08012520                r2p::Uncopyable::Uncopyable()
                0x08012520                r2p::Uncopyable::Uncopyable()
 *fill*         0x0801252c        0x4 
 .text._ZN3r2p8SysLock_7acquireEv
                0x08012530       0x10 build/obj/SimplePool_.o
                0x08012530                r2p::SysLock_::acquire()
 .text._ZN3r2p8SysLock_7releaseEv
                0x08012540       0x10 build/obj/SimplePool_.o
                0x08012540                r2p::SysLock_::release()
 .text._ZN3r2p7SysLock7acquireEv
                0x08012550        0x8 build/obj/SimplePool_.o
                0x08012550                r2p::SysLock::acquire()
 *fill*         0x08012558        0x8 
 .text._ZN3r2p7SysLock7releaseEv
                0x08012560        0x8 build/obj/SimplePool_.o
                0x08012560                r2p::SysLock::release()
 *fill*         0x08012568        0x8 
 .text._ZNK3r2p11StaticList_15get_head_unsafeEv
                0x08012570       0x10 build/obj/StaticList_.o
                0x08012570                r2p::StaticList_::get_head_unsafe() const
 .text._ZNK3r2p11StaticList_15is_empty_unsafeEv
                0x08012580       0x18 build/obj/StaticList_.o
                0x08012580                r2p::StaticList_::is_empty_unsafe() const
 *fill*         0x08012598        0x8 
 .text._ZN3r2p11StaticList_11link_unsafeERNS0_4LinkE
                0x080125a0       0x48 build/obj/StaticList_.o
                0x080125a0                r2p::StaticList_::link_unsafe(r2p::StaticList_::Link&)
 *fill*         0x080125e8        0x8 
 .text._ZNK3r2p12StaticQueue_15is_empty_unsafeEv
                0x080125f0       0x18 build/obj/StaticQueue_.o
                0x080125f0                r2p::StaticQueue_::is_empty_unsafe() const
 *fill*         0x08012608        0x8 
 .text._ZN3r2p10UncopyableD2Ev
                0x08012610        0xc build/obj/BasePublisher.o
                0x08012610                r2p::Uncopyable::~Uncopyable()
                0x08012610                r2p::Uncopyable::~Uncopyable()
 *fill*         0x0801261c        0x4 
 .text._ZN3r2p7Message14acquire_unsafeEv
                0x08012620       0x3c build/obj/BasePublisher.o
                0x08012620                r2p::Message::acquire_unsafe()
 *fill*         0x0801265c        0x4 
 .text._ZN3r2p7Message14release_unsafeEv
                0x08012660       0x40 build/obj/BasePublisher.o
                0x08012660                r2p::Message::release_unsafe()
 .text._ZN3r2p11MemoryPool_11free_unsafeEPv
                0x080126a0       0x20 build/obj/BasePublisher.o
                0x080126a0                r2p::MemoryPool_::free_unsafe(void*)
 .text._ZN3r2p11MemoryPool_4freeEPv
                0x080126c0       0x20 build/obj/BasePublisher.o
                0x080126c0                r2p::MemoryPool_::free(void*)
 .text._ZN3r2p5Topic11free_unsafeERNS_7MessageE
                0x080126e0       0x1c build/obj/BasePublisher.o
                0x080126e0                r2p::Topic::free_unsafe(r2p::Message&)
 *fill*         0x080126fc        0x4 
 .text._ZN3r2p5Topic4freeERNS_7MessageE
                0x08012700       0x1c build/obj/BasePublisher.o
                0x08012700                r2p::Topic::free(r2p::Message&)
 *fill*         0x0801271c        0x4 
 .text._ZNK3r2p5Topic8get_nameEv
                0x08012720       0x10 build/obj/BaseSubscriber.o
                0x08012720                r2p::Topic::get_name() const
 .text._ZN3r2p5Topic8has_nameERKS0_PKc
                0x08012730       0x34 build/obj/BaseSubscriber.o
                0x08012730                r2p::Topic::has_name(r2p::Topic const&, char const*)
 *fill*         0x08012764        0xc 
 .text._ZN3r2p11StaticQueueINS_14BaseSubscriberEEC2Ev
                0x08012770       0x20 build/obj/BaseSubscriberQueue.o
                0x08012770                r2p::StaticQueue<r2p::BaseSubscriber>::StaticQueue()
                0x08012770                r2p::StaticQueue<r2p::BaseSubscriber>::StaticQueue()
 .text._ZN3r2p11Checksummer3addEh
                0x08012790       0x20 build/obj/Checksummer.o
                0x08012790                r2p::Checksummer::add(unsigned char)
 .text._ZN3r2p10StaticListINS_14LocalPublisherEE4LinkC2ERS1_
                0x080127b0       0x1c build/obj/LocalPublisher.o
                0x080127b0                r2p::StaticList<r2p::LocalPublisher>::Link::Link(r2p::LocalPublisher&)
                0x080127b0                r2p::StaticList<r2p::LocalPublisher>::Link::Link(r2p::LocalPublisher&)
 *fill*         0x080127cc        0x4 
 .text._ZN3r2p4TimeaSERKS0_
                0x080127d0       0x18 build/obj/LocalSubscriber.o
                0x080127d0                r2p::Time::operator=(r2p::Time const&)
 *fill*         0x080127e8        0x8 
 .text._ZNK3r2p10SpinEvent_10get_threadEv
                0x080127f0       0x10 build/obj/LocalSubscriber.o
                0x080127f0                r2p::SpinEvent_::get_thread() const
 .text._ZN3r2p10SpinEvent_13signal_unsafeEj
                0x08012800       0x3c build/obj/LocalSubscriber.o
                0x08012800                r2p::SpinEvent_::signal_unsafe(unsigned int)
 *fill*         0x0801283c        0x4 
 .text._ZNK3r2p9SpinEvent10get_threadEv
                0x08012840       0x18 build/obj/LocalSubscriber.o
                0x08012840                r2p::SpinEvent::get_thread() const
 *fill*         0x08012858        0x8 
 .text._ZN3r2p9SpinEvent13signal_unsafeEj
                0x08012860       0x18 build/obj/LocalSubscriber.o
                0x08012860                r2p::SpinEvent::signal_unsafe(unsigned int)
 *fill*         0x08012878        0x8 
 .text._ZNK3r2p4Node11get_enabledEv
                0x08012880       0x24 build/obj/LocalSubscriber.o
                0x08012880                r2p::Node::get_enabled() const
 *fill*         0x080128a4        0xc 
 .text._ZN3r2p4Node13notify_unsafeEj
                0x080128b0       0x1c build/obj/LocalSubscriber.o
                0x080128b0                r2p::Node::notify_unsafe(unsigned int)
 *fill*         0x080128cc        0x4 
 .text._ZNK3r2p15LocalSubscriber16get_queue_lengthEv
                0x080128d0       0x1c build/obj/LocalSubscriber.o
                0x080128d0                r2p::LocalSubscriber::get_queue_length() const
 *fill*         0x080128ec        0x4 
 .text._ZN3r2p15LocalSubscriber12fetch_unsafeERPNS_7MessageERNS_4TimeE
                0x080128f0       0x3c build/obj/LocalSubscriber.o
                0x080128f0                r2p::LocalSubscriber::fetch_unsafe(r2p::Message*&, r2p::Time&)
 *fill*         0x0801292c        0x4 
 .text._ZN3r2p15LocalSubscriber13notify_unsafeERNS_7MessageERKNS_4TimeE
                0x08012930       0x58 build/obj/LocalSubscriber.o
                0x08012930                r2p::LocalSubscriber::notify_unsafe(r2p::Message&, r2p::Time const&)
 *fill*         0x08012988        0x8 
 .text._ZN3r2p10ArrayQueueIPNS_7MessageEED2Ev
                0x08012990       0x18 build/obj/LocalSubscriber.o
                0x08012990                r2p::ArrayQueue<r2p::Message*>::~ArrayQueue()
                0x08012990                r2p::ArrayQueue<r2p::Message*>::~ArrayQueue()
 *fill*         0x080129a8        0x8 
 .text._ZN3r2p15MessagePtrQueueD2Ev
                0x080129b0       0x18 build/obj/LocalSubscriber.o
                0x080129b0                r2p::MessagePtrQueue::~MessagePtrQueue()
                0x080129b0                r2p::MessagePtrQueue::~MessagePtrQueue()
 *fill*         0x080129c8        0x8 
 .text._ZNK3r2p10ArrayQueueIPNS_7MessageEE10get_lengthEv
                0x080129d0       0x10 build/obj/LocalSubscriber.o
                0x080129d0                r2p::ArrayQueue<r2p::Message*>::get_length() const
 .text._ZN3r2p10ArrayQueueIPNS_7MessageEE12fetch_unsafeERS2_
                0x080129e0       0x60 build/obj/LocalSubscriber.o
                0x080129e0                r2p::ArrayQueue<r2p::Message*>::fetch_unsafe(r2p::Message*&)
 .text._ZN3r2p10ArrayQueueIPNS_7MessageEE11post_unsafeES2_
                0x08012a40       0x60 build/obj/LocalSubscriber.o
                0x08012a40                r2p::ArrayQueue<r2p::Message*>::post_unsafe(r2p::Message*)
 .text._ZN3r2p10StaticListINS_15LocalSubscriberEE4LinkC2ERS1_
                0x08012aa0       0x1c build/obj/LocalSubscriber.o
                0x08012aa0                r2p::StaticList<r2p::LocalSubscriber>::Link::Link(r2p::LocalSubscriber&)
                0x08012aa0                r2p::StaticList<r2p::LocalSubscriber>::Link::Link(r2p::LocalSubscriber&)
 *fill*         0x08012abc        0x4 
 .text._ZN3r2p10ArrayQueueIPNS_7MessageEEC2EPS2_j
                0x08012ac0       0x54 build/obj/MessagePtrQueue.o
                0x08012ac0                r2p::ArrayQueue<r2p::Message*>::ArrayQueue(r2p::Message**, unsigned int)
                0x08012ac0                r2p::ArrayQueue<r2p::Message*>::ArrayQueue(r2p::Message**, unsigned int)
 *fill*         0x08012b14        0xc 
 .text._ZN3r2p7Message12reset_unsafeEv
                0x08012b20       0x14 build/obj/Message.o
                0x08012b20                r2p::Message::reset_unsafe()
 *fill*         0x08012b34        0xc 
 .text._ZN3r2p7SysLock5ScopeC2Ev
                0x08012b40       0x1c build/obj/Middleware.o
                0x08012b40                r2p::SysLock::Scope::Scope()
                0x08012b40                r2p::SysLock::Scope::Scope()
 *fill*         0x08012b5c        0x4 
 .text._ZN3r2p7SysLock5ScopeD2Ev
                0x08012b60       0x1c build/obj/Middleware.o
                0x08012b60                r2p::SysLock::Scope::~Scope()
                0x08012b60                r2p::SysLock::Scope::~Scope()
 *fill*         0x08012b7c        0x4 
 .text._ZNK3r2p11MemoryPool_13get_item_sizeEv
                0x08012b80       0x10 build/obj/Middleware.o
                0x08012b80                r2p::MemoryPool_::get_item_size() const
 .text._ZN3r2p11MemoryPool_12alloc_unsafeEv
                0x08012b90       0x18 build/obj/Middleware.o
                0x08012b90                r2p::MemoryPool_::alloc_unsafe()
 *fill*         0x08012ba8        0x8 
 .text._ZN3r2p11MemoryPool_6extendEPvj
                0x08012bb0       0x1c build/obj/Middleware.o
                0x08012bb0                r2p::MemoryPool_::extend(void*, unsigned int)
 *fill*         0x08012bcc        0x4 
 .text._ZNK3r2p4Time8to_s_rawEv
                0x08012bd0       0x20 build/obj/Middleware.o
                0x08012bd0                r2p::Time::to_s_raw() const
 .text._ZN3r2p4TimeC2Ev
                0x08012bf0       0x14 build/obj/Middleware.o
                0x08012bf0                r2p::Time::Time()
                0x08012bf0                r2p::Time::Time()
 *fill*         0x08012c04        0xc 
 .text._ZN3r2p4TimeC2ERKS0_
                0x08012c10       0x18 build/obj/Middleware.o
                0x08012c10                r2p::Time::Time(r2p::Time const&)
                0x08012c10                r2p::Time::Time(r2p::Time const&)
 *fill*         0x08012c28        0x8 
 .text._ZN3r2p4Time2msEl
                0x08012c30       0x24 build/obj/Middleware.o
                0x08012c30                r2p::Time::ms(long)
 *fill*         0x08012c54        0xc 
 .text._ZN3r2pgeERKNS_4TimeES2_
                0x08012c60       0x20 build/obj/Middleware.o
                0x08012c60                r2p::operator>=(r2p::Time const&, r2p::Time const&)
 .text._ZN3r2pplERKNS_4TimeES2_
                0x08012c80       0x24 build/obj/Middleware.o
                0x08012c80                r2p::operator+(r2p::Time const&, r2p::Time const&)
 *fill*         0x08012ca4        0xc 
 .text._ZN3r2pmiERKNS_4TimeES2_
                0x08012cb0       0x24 build/obj/Middleware.o
                0x08012cb0                r2p::operator-(r2p::Time const&, r2p::Time const&)
 *fill*         0x08012cd4        0xc 
 .text._ZN3r2p7MessageC2Ev
                0x08012ce0       0x18 build/obj/Middleware.o
                0x08012ce0                r2p::Message::Message()
                0x08012ce0                r2p::Message::Message()
 *fill*         0x08012cf8        0x8 
 .text._ZN3r2p7Message16get_payload_sizeEj
                0x08012d00       0x10 build/obj/Middleware.o
                0x08012d00                r2p::Message::get_payload_size(unsigned int)
 .text._ZNK3r2p13BasePublisher9get_topicEv
                0x08012d10       0x10 build/obj/Middleware.o
                0x08012d10                r2p::BasePublisher::get_topic() const
 .text._ZN3r2p13BasePublisher17notify_advertisedERNS_5TopicE
                0x08012d20       0x28 build/obj/Middleware.o
                0x08012d20                r2p::BasePublisher::notify_advertised(r2p::Topic&)
 *fill*         0x08012d48        0x8 
 .text._ZN3r2p13BasePublisher12alloc_unsafeERPNS_7MessageE
                0x08012d50       0x40 build/obj/Middleware.o
                0x08012d50                r2p::BasePublisher::alloc_unsafe(r2p::Message*&)
 .text._ZN3r2p13BasePublisher5allocERPNS_7MessageE
                0x08012d90       0x2c build/obj/Middleware.o
                0x08012d90                r2p::BasePublisher::alloc(r2p::Message*&)
 *fill*         0x08012dbc        0x4 
 .text._ZN3r2p13BasePublisher16publish_remotelyERNS_7MessageE
                0x08012dc0       0x3c build/obj/Middleware.o
                0x08012dc0                r2p::BasePublisher::publish_remotely(r2p::Message&)
 *fill*         0x08012dfc        0x4 
 .text._ZNK3r2p14BaseSubscriber9get_topicEv
                0x08012e00       0x10 build/obj/Middleware.o
                0x08012e00                r2p::BaseSubscriber::get_topic() const
 .text._ZN3r2p14BaseSubscriber17notify_subscribedERNS_5TopicE
                0x08012e10       0x28 build/obj/Middleware.o
                0x08012e10                r2p::BaseSubscriber::notify_subscribed(r2p::Topic&)
 *fill*         0x08012e38        0x8 
 .text._ZN3r2p7Thread_13create_staticEPvjmPFlS1_ES1_PKc
                0x08012e40       0x34 build/obj/Middleware.o
                0x08012e40                r2p::Thread_::create_static(void*, unsigned int, unsigned long, long (*)(void*), void*, char const*)
 *fill*         0x08012e74        0xc 
 .text._ZN3r2p7Thread_4selfEv
                0x08012e80        0xc build/obj/Middleware.o
                0x08012e80                r2p::Thread_::self()
 *fill*         0x08012e8c        0x4 
 .text._ZN3r2p7Thread_5sleepERKNS_4TimeE
                0x08012e90       0x64 build/obj/Middleware.o
                0x08012e90                r2p::Thread_::sleep(r2p::Time const&)
 *fill*         0x08012ef4        0xc 
 .text._ZN3r2p6Thread13create_staticEPvjmPFlS1_ES1_PKc
                0x08012f00       0x2c build/obj/Middleware.o
                0x08012f00                r2p::Thread::create_static(void*, unsigned int, unsigned long, long (*)(void*), void*, char const*)
 *fill*         0x08012f2c        0x4 
 .text._ZN3r2p6Thread4selfEv
                0x08012f30        0xc build/obj/Middleware.o
                0x08012f30                r2p::Thread::self()
 *fill*         0x08012f3c        0x4 
 .text._ZN3r2p6Thread5sleepERKNS_4TimeE
                0x08012f40       0x14 build/obj/Middleware.o
                0x08012f40                r2p::Thread::sleep(r2p::Time const&)
 *fill*         0x08012f54        0xc 
 .text._ZN3r2p10SpinEvent_10set_threadEPNS_6ThreadE
                0x08012f60       0x10 build/obj/Middleware.o
                0x08012f60                r2p::SpinEvent_::set_thread(r2p::Thread*)
 .text._ZN3r2p10SpinEvent_6signalEj
                0x08012f70       0x2c build/obj/Middleware.o
                0x08012f70                r2p::SpinEvent_::signal(unsigned int)
 *fill*         0x08012f9c        0x4 
 .text._ZN3r2p9SpinEvent10set_threadEPNS_6ThreadE
                0x08012fa0       0x18 build/obj/Middleware.o
                0x08012fa0                r2p::SpinEvent::set_thread(r2p::Thread*)
 *fill*         0x08012fb8        0x8 
 .text._ZN3r2p9SpinEvent6signalEj
                0x08012fc0       0x18 build/obj/Middleware.o
                0x08012fc0                r2p::SpinEvent::signal(unsigned int)
 *fill*         0x08012fd8        0x8 
 .text._ZNK3r2p4Node8get_nameEv
                0x08012fe0       0x10 build/obj/Middleware.o
                0x08012fe0                r2p::Node::get_name() const
 .text._ZNK3r2p4Node14get_publishersEv
                0x08012ff0       0x10 build/obj/Middleware.o
                0x08012ff0                r2p::Node::get_publishers() const
 .text._ZNK3r2p4Node15get_subscribersEv
                0x08013000       0x10 build/obj/Middleware.o
                0x08013000                r2p::Node::get_subscribers() const
 .text._ZN3r2p4Node11set_enabledEb
                0x08013010       0x30 build/obj/Middleware.o
                0x08013010                r2p::Node::set_enabled(bool)
 .text._ZN3r2p4Node11notify_stopEv
                0x08013040       0x18 build/obj/Middleware.o
                0x08013040                r2p::Node::notify_stop()
 *fill*         0x08013058        0x8 
 .text._ZN3r2p4Node8has_nameERKS0_PKc
                0x08013060       0x34 build/obj/Middleware.o
                0x08013060                r2p::Node::has_name(r2p::Node const&, char const*)
 *fill*         0x08013094        0xc 
 .text._ZNK3r2p5Topic16get_payload_sizeEv
                0x080130a0       0x24 build/obj/Middleware.o
                0x080130a0                r2p::Topic::get_payload_size() const
 *fill*         0x080130c4        0xc 
 .text._ZNK3r2p5Topic20get_max_queue_lengthEv
                0x080130d0       0x10 build/obj/Middleware.o
                0x080130d0                r2p::Topic::get_max_queue_length() const
 .text._ZNK3r2p5Topic20has_local_publishersEv
                0x080130e0       0x18 build/obj/Middleware.o
                0x080130e0                r2p::Topic::has_local_publishers() const
 *fill*         0x080130f8        0x8 
 .text._ZNK3r2p5Topic21has_local_subscribersEv
                0x08013100       0x20 build/obj/Middleware.o
                0x08013100                r2p::Topic::has_local_subscribers() const
 .text._ZNK3r2p5Topic23compute_deadline_unsafeERKNS_4TimeE
                0x08013120       0x24 build/obj/Middleware.o
                0x08013120                r2p::Topic::compute_deadline_unsafe(r2p::Time const&) const
 *fill*         0x08013144        0xc 
 .text._ZN3r2p5Topic12alloc_unsafeEv
                0x08013150       0x28 build/obj/Middleware.o
                0x08013150                r2p::Topic::alloc_unsafe()
 *fill*         0x08013178        0x8 
 .text._ZNK3r2p5Topic16compute_deadlineERKNS_4TimeE
                0x08013180       0x34 build/obj/Middleware.o
                0x08013180                r2p::Topic::compute_deadline(r2p::Time const&) const
 *fill*         0x080131b4        0xc 
 .text._ZNK3r2p5Topic16compute_deadlineEv
                0x080131c0       0x28 build/obj/Middleware.o
                0x080131c0                r2p::Topic::compute_deadline() const
 *fill*         0x080131e8        0x8 
 .text._ZN3r2p5Topic11extend_poolEPNS_7MessageEj
                0x080131f0       0x20 build/obj/Middleware.o
                0x080131f0                r2p::Topic::extend_pool(r2p::Message*, unsigned int)
 .text._ZN3r2p8Flasher_D2Ev
                0x08013210       0x18 build/obj/Middleware.o
                0x08013210                r2p::Flasher_::~Flasher_()
                0x08013210                r2p::Flasher_::~Flasher_()
 *fill*         0x08013228        0x8 
 .text._ZN3r2p6Mutex_10initializeEv
                0x08013230       0x14 build/obj/Middleware.o
                0x08013230                r2p::Mutex_::initialize()
 *fill*         0x08013244        0xc 
 .text._ZN3r2p6Mutex_14acquire_unsafeEv
                0x08013250       0x14 build/obj/Middleware.o
                0x08013250                r2p::Mutex_::acquire_unsafe()
 *fill*         0x08013264        0xc 
 .text._ZN3r2p6Mutex_14release_unsafeEv
                0x08013270       0x10 build/obj/Middleware.o
                0x08013270                r2p::Mutex_::release_unsafe()
 .text._ZN3r2p6Mutex_C2Eb
                0x08013280       0x2c build/obj/Middleware.o
                0x08013280                r2p::Mutex_::Mutex_(bool)
                0x08013280                r2p::Mutex_::Mutex_(bool)
 *fill*         0x080132ac        0x4 
 .text._ZN3r2p5Mutex10initializeEv
                0x080132b0       0x18 build/obj/Middleware.o
                0x080132b0                r2p::Mutex::initialize()
 *fill*         0x080132c8        0x8 
 .text._ZN3r2p5Mutex14acquire_unsafeEv
                0x080132d0       0x18 build/obj/Middleware.o
                0x080132d0                r2p::Mutex::acquire_unsafe()
 *fill*         0x080132e8        0x8 
 .text._ZN3r2p5Mutex14release_unsafeEv
                0x080132f0       0x18 build/obj/Middleware.o
                0x080132f0                r2p::Mutex::release_unsafe()
 *fill*         0x08013308        0x8 
 .text._ZN3r2p5MutexC2Eb
                0x08013310       0x2c build/obj/Middleware.o
                0x08013310                r2p::Mutex::Mutex(bool)
                0x08013310                r2p::Mutex::Mutex(bool)
 *fill*         0x0801333c        0x4 
 .text._ZN3r2p7ReMutex10initializeEv
                0x08013340       0x1c build/obj/Middleware.o
                0x08013340                r2p::ReMutex::initialize()
 *fill*         0x0801335c        0x4 
 .text._ZN3r2p7ReMutex14acquire_unsafeEv
                0x08013360       0x34 build/obj/Middleware.o
                0x08013360                r2p::ReMutex::acquire_unsafe()
 *fill*         0x08013394        0xc 
 .text._ZN3r2p7ReMutex14release_unsafeEv
                0x080133a0       0x44 build/obj/Middleware.o
                0x080133a0                r2p::ReMutex::release_unsafe()
 *fill*         0x080133e4        0xc 
 .text._ZN3r2p7ReMutex7acquireEv
                0x080133f0       0x1c build/obj/Middleware.o
                0x080133f0                r2p::ReMutex::acquire()
 *fill*         0x0801340c        0x4 
 .text._ZN3r2p7ReMutex7releaseEv
                0x08013410       0x1c build/obj/Middleware.o
                0x08013410                r2p::ReMutex::release()
 *fill*         0x0801342c        0x4 
 .text._ZN3r2p7ReMutexC2Eb
                0x08013430       0x34 build/obj/Middleware.o
                0x08013430                r2p::ReMutex::ReMutex(bool)
                0x08013430                r2p::ReMutex::ReMutex(bool)
 *fill*         0x08013464        0xc 
 .text._ZNK3r2p10Middleware10is_stoppedEv
                0x08013470       0x10 build/obj/Middleware.o
                0x08013470                r2p::Middleware::is_stopped() const
 .text._ZN3r2p10Middleware23preload_bootloader_modeEb
                0x08013480       0x2c build/obj/Middleware.o
                0x08013480                r2p::Middleware::preload_bootloader_mode(bool)
 *fill*         0x080134ac        0x4 
 .text._ZN3r2p10Middleware11is_rebootedEv
                0x080134b0       0x1c build/obj/Middleware.o